<!DOCTYPE HTML PUBLIC "-//W3C//DTD HTML 4.01 Transitional//EN" "http://www.w3.org/TR/html4/loose.dtd">
<!-- NewPage -->
<html lang="en">
<head>
<!-- Generated by javadoc (version 1.7.0_51) on Wed Jan 29 11:32:14 PST 2014 -->
<meta http-equiv="Content-Type" content="text/html" charset="UTF-8">
<title>com.github.springtestdbunit.expected (Spring Test DBUnit 1.1.1-SNAPSHOT Test API)</title>
<meta name="date" content="2014-01-29">
<link rel="stylesheet" type="text/css" href="../../../../stylesheet.css" title="Style">
</head>
<body>
<h1 class="bar"><a href="../../../../com/github/springtestdbunit/expected/package-summary.html" target="classFrame">com.github.springtestdbunit.expected</a></h1>
<div class="indexContainer">
<h2 title="Classes">Classes</h2>
<ul title="Classes">
<li><a href="DoesNotSwallowExpectedFailureTest.html" title="class in com.github.springtestdbunit.expected" target="classFrame">DoesNotSwallowExpectedFailureTest</a></li>
<li><a href="ExpectedFailureOnClassTest.html" title="class in com.github.springtestdbunit.expected" target="classFrame">ExpectedFailureOnClassTest</a></li>
<li><a href="ExpectedFailureOnMethodTest.html" title="class in com.github.springtestdbunit.expected" target="classFrame">ExpectedFailureOnMethodTest</a></li>
<li><a href="ExpectedNonStrictOnClassTest.html" title="class in com.github.springtestdbunit.expected" target="classFrame">ExpectedNonStrictOnClassTest</a></li>
<li><a href="ExpectedNonStrictOnMethodTest.html" title="class in com.github.springtestdbunit.expected" target="classFrame">ExpectedNonStrictOnMethodTest</a></li>
<li><a href="ExpectedQueryFailureOnMethodTest.html" title="class in com.github.springtestdbunit.expected" target="classFrame">ExpectedQueryFailureOnMethodTest</a></li>
<li><a href="ExpectedQueryNonStrictFailureOnMethodTest.html" title="class in com.github.springtestdbunit.expected" target="classFrame">ExpectedQueryNonStrictFailureOnMethodTest</a></li>
<li><a href="ExpectedQueryNonStrictOnMethodTest.html" title="class in com.github.springtestdbunit.expected" target="classFrame">ExpectedQueryNonStrictOnMethodTest</a></li>
<li><a href="ExpectedQueryOnMethodTest.html" title="class in com.github.springtestdbunit.expected" target="classFrame">ExpectedQueryOnMethodTest</a></li>
<li><a href="ExpectedTableNonStrictOnClassTest.html" title="class in com.github.springtestdbunit.expected" target="classFrame">ExpectedTableNonStrictOnClassTest</a></li>
</ul>
</div>
</body>
</html>
