<!DOCTYPE html PUBLIC "-//W3C//DTD XHTML 1.0 Transitional//EN" "http://www.w3.org/TR/xhtml1/DTD/xhtml1-transitional.dtd">
<html xmlns="http://www.w3.org/1999/xhtml" xml:lang="en" lang="en">
<head>
<meta http-equiv="content-type" content="text/html; charset=UTF-8" />
<title>DoesNotSwallowExpectedFailureTest xref</title>
<link type="text/css" rel="stylesheet" href="../../../../../stylesheet.css" />
</head>
<body>
<div id="overview"><a href="../../../../../../testapidocs/com/github/springtestdbunit/dbunittestexecutionlistener/expected/DoesNotSwallowExpectedFailureTest.html">View Javadoc</a></div><pre>

<a class="jxr_linenumber" name="1" href="#1">1</a>   <strong class="jxr_keyword">package</strong> com.github.springtestdbunit.dbunittestexecutionlistener.expected;
<a class="jxr_linenumber" name="2" href="#2">2</a>   
<a class="jxr_linenumber" name="3" href="#3">3</a>   <strong class="jxr_keyword">import</strong> org.junit.Test;
<a class="jxr_linenumber" name="4" href="#4">4</a>   <strong class="jxr_keyword">import</strong> org.junit.runner.RunWith;
<a class="jxr_linenumber" name="5" href="#5">5</a>   <strong class="jxr_keyword">import</strong> org.springframework.test.context.ContextConfiguration;
<a class="jxr_linenumber" name="6" href="#6">6</a>   <strong class="jxr_keyword">import</strong> org.springframework.test.context.TestExecutionListeners;
<a class="jxr_linenumber" name="7" href="#7">7</a>   <strong class="jxr_keyword">import</strong> org.springframework.test.context.support.DependencyInjectionTestExecutionListener;
<a class="jxr_linenumber" name="8" href="#8">8</a>   <strong class="jxr_keyword">import</strong> org.springframework.transaction.annotation.Transactional;
<a class="jxr_linenumber" name="9" href="#9">9</a>   
<a class="jxr_linenumber" name="10" href="#10">10</a>  <strong class="jxr_keyword">import</strong> com.github.springtestdbunit.annotation.ExpectedDatabase;
<a class="jxr_linenumber" name="11" href="#11">11</a>  <strong class="jxr_keyword">import</strong> com.github.springtestdbunit.testutils.MustNoSwallowTestExecutionListener;
<a class="jxr_linenumber" name="12" href="#12">12</a>  <strong class="jxr_keyword">import</strong> com.github.springtestdbunit.testutils.MustNotSwallowSpringJUnit4ClassRunner;
<a class="jxr_linenumber" name="13" href="#13">13</a>  <strong class="jxr_keyword">import</strong> com.github.springtestdbunit.testutils.NotSwallowedException;
<a class="jxr_linenumber" name="14" href="#14">14</a>  
<a class="jxr_linenumber" name="15" href="#15">15</a>  @RunWith(MustNotSwallowSpringJUnit4ClassRunner.<strong class="jxr_keyword">class</strong>)
<a class="jxr_linenumber" name="16" href="#16">16</a>  @ContextConfiguration(<span class="jxr_string">"/META-INF/dbunit-context.xml"</span>)
<a class="jxr_linenumber" name="17" href="#17">17</a>  @TestExecutionListeners({ DependencyInjectionTestExecutionListener.<strong class="jxr_keyword">class</strong>, MustNoSwallowTestExecutionListener.<strong class="jxr_keyword">class</strong> })
<a class="jxr_linenumber" name="18" href="#18">18</a>  @Transactional
<a class="jxr_linenumber" name="19" href="#19">19</a>  <strong class="jxr_keyword">public</strong> <strong class="jxr_keyword">class</strong> <a href="../../../../../com/github/springtestdbunit/dbunittestexecutionlistener/expected/DoesNotSwallowExpectedFailureTest.html">DoesNotSwallowExpectedFailureTest</a> {
<a class="jxr_linenumber" name="20" href="#20">20</a>  
<a class="jxr_linenumber" name="21" href="#21">21</a>  	@Test
<a class="jxr_linenumber" name="22" href="#22">22</a>  	@ExpectedDatabase(<span class="jxr_string">"/META-INF/db/expectedfail.xml"</span>)
<a class="jxr_linenumber" name="23" href="#23">23</a>  	<strong class="jxr_keyword">public</strong> <strong class="jxr_keyword">void</strong> test() <strong class="jxr_keyword">throws</strong> Exception {
<a class="jxr_linenumber" name="24" href="#24">24</a>  		<strong class="jxr_keyword">throw</strong> <strong class="jxr_keyword">new</strong> <a href="../../../../../com/github/springtestdbunit/testutils/NotSwallowedException.html">NotSwallowedException</a>();
<a class="jxr_linenumber" name="25" href="#25">25</a>  	}
<a class="jxr_linenumber" name="26" href="#26">26</a>  
<a class="jxr_linenumber" name="27" href="#27">27</a>  }
</pre>
<hr/><div id="footer">This page was automatically generated by <a href="http://maven.apache.org/">Maven</a></div></body>
</html>

