<!DOCTYPE HTML PUBLIC "-//W3C//DTD HTML 4.01 Transitional//EN" "http://www.w3.org/TR/html4/loose.dtd">
<!--NewPage-->
<HTML>
<HEAD>
<!-- Generated by javadoc (build 1.6.0_29) on Sun Mar 11 11:36:50 PDT 2012 -->
<META http-equiv="Content-Type" content="text/html; charset=UTF-8">
<TITLE>
org.github.springtestdbunit.dbunittestexecutionlistener.expected (Spring Test DBUnit 0.0.1-SNAPSHOT Test API)
</TITLE>

<META NAME="date" CONTENT="2012-03-11">

<LINK REL ="stylesheet" TYPE="text/css" HREF="../../../../../stylesheet.css" TITLE="Style">


</HEAD>

<BODY BGCOLOR="white">
<FONT size="+1" CLASS="FrameTitleFont">
<A HREF="../../../../../org/github/springtestdbunit/dbunittestexecutionlistener/expected/package-summary.html" target="classFrame">org.github.springtestdbunit.dbunittestexecutionlistener.expected</A></FONT>
<TABLE BORDER="0" WIDTH="100%" SUMMARY="">
<TR>
<TD NOWRAP><FONT size="+1" CLASS="FrameHeadingFont">
Classes</FONT>&nbsp;
<FONT CLASS="FrameItemFont">
<BR>
<A HREF="DoesNotSwallowExpectedFailureTest.html" title="class in org.github.springtestdbunit.dbunittestexecutionlistener.expected" target="classFrame">DoesNotSwallowExpectedFailureTest</A>
<BR>
<A HREF="ExpectedFailureOnClassTest.html" title="class in org.github.springtestdbunit.dbunittestexecutionlistener.expected" target="classFrame">ExpectedFailureOnClassTest</A>
<BR>
<A HREF="ExpectedFailureOnMethodTest.html" title="class in org.github.springtestdbunit.dbunittestexecutionlistener.expected" target="classFrame">ExpectedFailureOnMethodTest</A>
<BR>
<A HREF="ExpectedNonStrictOnClassTest.html" title="class in org.github.springtestdbunit.dbunittestexecutionlistener.expected" target="classFrame">ExpectedNonStrictOnClassTest</A>
<BR>
<A HREF="ExpectedNonStrictOnMethodTest.html" title="class in org.github.springtestdbunit.dbunittestexecutionlistener.expected" target="classFrame">ExpectedNonStrictOnMethodTest</A></FONT></TD>
</TR>
</TABLE>


</BODY>
</HTML>
