
<!DOCTYPE html PUBLIC "-//W3C//DTD XHTML 1.0 Transitional//EN" "DTD/xhtml1-transitional.dtd">
<html xml:lang="en" lang="en">
	<head>
		<meta http-equiv="content-type" content="text/html; charset=UTF-8" />
		<title>Spring Test DBUnit 0.0.1-SNAPSHOT Reference Package org.github.springtestdbunit.dbunitrule.expected</title>
		<link rel="stylesheet" type="text/css" href="../../../../../stylesheet.css" title="style" />
	</head>
	<body>

		<h3>
        	<a href="package-summary.html" target="classFrame">org.github.springtestdbunit.dbunitrule.expected</a>
      	</h3>

      	<h3>Classes</h3>

      	<ul>
      		          	<li>
            	<a href="DoesNotSwallowExpectedFailureTest.html" target="classFrame">DoesNotSwallowExpectedFailureTest</a>
          	</li>
          	          	<li>
            	<a href="ExpectedFailureOnClassTest.html" target="classFrame">ExpectedFailureOnClassTest</a>
          	</li>
          	          	<li>
            	<a href="ExpectedFailureOnMethodTest.html" target="classFrame">ExpectedFailureOnMethodTest</a>
          	</li>
          	          	<li>
            	<a href="ExpectedNonStrictOnClassTest.html" target="classFrame">ExpectedNonStrictOnClassTest</a>
          	</li>
          	          	<li>
            	<a href="ExpectedNonStrictOnMethodTest.html" target="classFrame">ExpectedNonStrictOnMethodTest</a>
          	</li>
          	      	</ul>

	</body>
</html>