<!DOCTYPE HTML PUBLIC "-//W3C//DTD HTML 4.01 Transitional//EN" "http://www.w3.org/TR/html4/loose.dtd">
<!-- NewPage -->
<html lang="en">
<head>
<!-- Generated by javadoc (version 1.7.0_06) on Wed Jan 09 20:44:32 PST 2013 -->
<meta http-equiv="Content-Type" content="text/html" charset="UTF-8">
<title>com.github.springtestdbunit.dbunitrule.expected (Spring Test DBUnit 1.0.2-SNAPSHOT Test API)</title>
<meta name="date" content="2013-01-09">
<link rel="stylesheet" type="text/css" href="../../../../../stylesheet.css" title="Style">
</head>
<body>
<h1 class="bar"><a href="../../../../../com/github/springtestdbunit/dbunitrule/expected/package-summary.html" target="classFrame">com.github.springtestdbunit.dbunitrule.expected</a></h1>
<div class="indexContainer">
<h2 title="Classes">Classes</h2>
<ul title="Classes">
<li><a href="DoesNotSwallowExpectedFailureTest.html" title="class in com.github.springtestdbunit.dbunitrule.expected" target="classFrame">DoesNotSwallowExpectedFailureTest</a></li>
<li><a href="ExpectedFailureOnClassTest.html" title="class in com.github.springtestdbunit.dbunitrule.expected" target="classFrame">ExpectedFailureOnClassTest</a></li>
<li><a href="ExpectedFailureOnMethodTest.html" title="class in com.github.springtestdbunit.dbunitrule.expected" target="classFrame">ExpectedFailureOnMethodTest</a></li>
<li><a href="ExpectedNonStrictOnClassTest.html" title="class in com.github.springtestdbunit.dbunitrule.expected" target="classFrame">ExpectedNonStrictOnClassTest</a></li>
<li><a href="ExpectedNonStrictOnMethodTest.html" title="class in com.github.springtestdbunit.dbunitrule.expected" target="classFrame">ExpectedNonStrictOnMethodTest</a></li>
</ul>
</div>
</body>
</html>
